2026-07-13 21:28:02 [error]: PrismaClientInitializationError: 
Invalid `prisma.user.findUnique()` invocation in
D:\project\college\apps\server\src\services\auth.service.ts:87:36

  84   ipAddress?: string;
  85   userAgent?: string;
  86 }) {
→ 87   const user = await prisma.user.findUnique(
Can't reach database server at `172.23.22.16:5432`

Please make sure your database server is running at `172.23.22.16:5432`.
    at ei.handleRequestError (D:\project\college\node_modules\@prisma\client\src\runtime\RequestHandler.ts:242:13)
    at ei.handleAndLogRequestError (D:\project\college\node_modules\@prisma\client\src\runtime\RequestHandler.ts:174:12)
    at ei.request (D:\project\college\node_modules\@prisma\client\src\runtime\RequestHandler.ts:143:12)
    at async a (D:\project\college\node_modules\@prisma\client\src\runtime\getPrismaClient.ts:833:24)
    at async AuthService.login (D:\project\college\apps\server\src\services\auth.service.ts:87:18)
    at async <anonymous> (D:\project\college\apps\server\src\controllers\auth.controller.ts:15:18)
2026-07-13 21:28:29 [error]: PrismaClientInitializationError: 
Invalid `prisma.user.findUnique()` invocation in
D:\project\college\apps\server\src\services\auth.service.ts:87:36

  84   ipAddress?: string;
  85   userAgent?: string;
  86 }) {
→ 87   const user = await prisma.user.findUnique(
Can't reach database server at `172.23.22.16:5432`

Please make sure your database server is running at `172.23.22.16:5432`.
    at ei.handleRequestError (D:\project\college\node_modules\@prisma\client\src\runtime\RequestHandler.ts:242:13)
    at ei.handleAndLogRequestError (D:\project\college\node_modules\@prisma\client\src\runtime\RequestHandler.ts:174:12)
    at ei.request (D:\project\college\node_modules\@prisma\client\src\runtime\RequestHandler.ts:143:12)
    at async a (D:\project\college\node_modules\@prisma\client\src\runtime\getPrismaClient.ts:833:24)
    at async AuthService.login (D:\project\college\apps\server\src\services\auth.service.ts:87:18)
    at async <anonymous> (D:\project\college\apps\server\src\controllers\auth.controller.ts:15:18)
2026-07-13 21:30:08 [error]: PrismaClientInitializationError: 
Invalid `prisma.user.findUnique()` invocation in
D:\project\college\apps\server\src\services\auth.service.ts:87:36

  84   ipAddress?: string;
  85   userAgent?: string;
  86 }) {
→ 87   const user = await prisma.user.findUnique(
Can't reach database server at `172.23.22.16:5432`

Please make sure your database server is running at `172.23.22.16:5432`.
    at ei.handleRequestError (D:\project\college\node_modules\@prisma\client\src\runtime\RequestHandler.ts:242:13)
    at ei.handleAndLogRequestError (D:\project\college\node_modules\@prisma\client\src\runtime\RequestHandler.ts:174:12)
    at ei.request (D:\project\college\node_modules\@prisma\client\src\runtime\RequestHandler.ts:143:12)
    at async a (D:\project\college\node_modules\@prisma\client\src\runtime\getPrismaClient.ts:833:24)
    at async AuthService.login (D:\project\college\apps\server\src\services\auth.service.ts:87:18)
    at async <anonymous> (D:\project\college\apps\server\src\controllers\auth.controller.ts:15:18)
2026-07-13 21:31:05 [error]: PrismaClientInitializationError: 
Invalid `prisma.user.findUnique()` invocation in
D:\project\college\apps\server\src\services\auth.service.ts:87:36

  84   ipAddress?: string;
  85   userAgent?: string;
  86 }) {
→ 87   const user = await prisma.user.findUnique(
Can't reach database server at `172.23.22.16:5432`

Please make sure your database server is running at `172.23.22.16:5432`.
    at ei.handleRequestError (D:\project\college\node_modules\@prisma\client\src\runtime\RequestHandler.ts:242:13)
    at ei.handleAndLogRequestError (D:\project\college\node_modules\@prisma\client\src\runtime\RequestHandler.ts:174:12)
    at ei.request (D:\project\college\node_modules\@prisma\client\src\runtime\RequestHandler.ts:143:12)
    at async a (D:\project\college\node_modules\@prisma\client\src\runtime\getPrismaClient.ts:833:24)
    at async AuthService.login (D:\project\college\apps\server\src\services\auth.service.ts:87:18)
    at async <anonymous> (D:\project\college\apps\server\src\controllers\auth.controller.ts:15:18)
